[2026-05-25 14:18:45] [Traffic-Controller] Starting Deadlock Prevention Simulation...
[2026-05-25 14:18:45] [Traffic-Controller] System State: SAFE. Sequence: [1, 3, 4, 0, 2]
[2026-05-25 14:18:45] [Time-Weaver] Incremental backup created: backup_20260525_141845.tar.gz
[2026-05-25 14:18:45] [Sentinel] Sentinel monitoring started...
[2026-05-25 14:18:48] [Chaos-Monkey] Starting simulated ransomware attack on /data...
[2026-05-25 14:18:48] [Chaos-Monkey] Rapid File Modification: Modified /Users/saidumaregamberdiev/github/operating-system-project/aegis/data/file_1.txt
[2026-05-25 14:18:48] [Sentinel] WARNING: Ransomware behavior detected! Triggering Emergency Rollback.
[2026-05-25 14:18:48] [Time-Weaver] ROLLBACK TRIGGERED. Purging corrupted data...
[2026-05-25 14:18:48] [Time-Weaver] Extracting /Users/saidumaregamberdiev/github/operating-system-project/aegis/backups/backup_20260525_141845.tar.gz...
[2026-05-25 14:18:48] [Time-Weaver] System rolled back to the latest safe state.
[2026-05-25 14:18:48] [Chaos-Monkey] Rapid File Modification: Modified /Users/saidumaregamberdiev/github/operating-system-project/aegis/data/file_2.txt
[2026-05-25 14:18:48] [Sentinel] WARNING: Ransomware behavior detected! Triggering Emergency Rollback.
[2026-05-25 14:18:48] [Time-Weaver] ROLLBACK TRIGGERED. Purging corrupted data...
[2026-05-25 14:18:48] [Time-Weaver] Extracting /Users/saidumaregamberdiev/github/operating-system-project/aegis/backups/backup_20260525_141845.tar.gz...
[2026-05-25 14:18:48] [Time-Weaver] System rolled back to the latest safe state.
[2026-05-25 14:18:48] [Chaos-Monkey] Rapid File Modification: Modified /Users/saidumaregamberdiev/github/operating-system-project/aegis/data/file_3.txt
[2026-05-25 14:18:48] [Sentinel] WARNING: Ransomware behavior detected! Triggering Emergency Rollback.
[2026-05-25 14:18:48] [Time-Weaver] ROLLBACK TRIGGERED. Purging corrupted data...
[2026-05-25 14:18:48] [Time-Weaver] Extracting /Users/saidumaregamberdiev/github/operating-system-project/aegis/backups/backup_20260525_141845.tar.gz...
[2026-05-25 14:18:48] [Time-Weaver] System rolled back to the latest safe state.
[2026-05-25 14:18:48] [Chaos-Monkey] Rapid File Modification: Modified /Users/saidumaregamberdiev/github/operating-system-project/aegis/data/file_4.txt
[2026-05-25 14:18:48] [Sentinel] WARNING: Ransomware behavior detected! Triggering Emergency Rollback.
[2026-05-25 14:18:48] [Time-Weaver] ROLLBACK TRIGGERED. Purging corrupted data...
[2026-05-25 14:18:48] [Time-Weaver] Extracting /Users/saidumaregamberdiev/github/operating-system-project/aegis/backups/backup_20260525_141845.tar.gz...
[2026-05-25 14:18:48] [Time-Weaver] System rolled back to the latest safe state.
[2026-05-25 14:18:48] [Chaos-Monkey] Rapid File Modification: Modified /Users/saidumaregamberdiev/github/operating-system-project/aegis/data/file_5.txt
[2026-05-25 14:18:48] [Sentinel] WARNING: Ransomware behavior detected! Triggering Emergency Rollback.
[2026-05-25 14:18:48] [Time-Weaver] ROLLBACK TRIGGERED. Purging corrupted data...
[2026-05-25 14:18:48] [Time-Weaver] Extracting /Users/saidumaregamberdiev/github/operating-system-project/aegis/backups/backup_20260525_141845.tar.gz...
[2026-05-25 14:18:48] [Time-Weaver] System rolled back to the latest safe state.
[2026-05-25 14:18:49] [Chaos-Monkey] Rapid File Modification: Modified /Users/saidumaregamberdiev/github/operating-system-project/aegis/data/file_6.txt
[2026-05-25 14:18:49] [Sentinel] WARNING: Ransomware behavior detected! Triggering Emergency Rollback.
[2026-05-25 14:18:49] [Time-Weaver] ROLLBACK TRIGGERED. Purging corrupted data...
[2026-05-25 14:18:49] [Time-Weaver] Extracting /Users/saidumaregamberdiev/github/operating-system-project/aegis/backups/backup_20260525_141845.tar.gz...
[2026-05-25 14:18:49] [Time-Weaver] System rolled back to the latest safe state.
[2026-05-25 14:18:49] [Chaos-Monkey] Rapid File Modification: Modified /Users/saidumaregamberdiev/github/operating-system-project/aegis/data/file_7.txt
[2026-05-25 14:18:49] [Sentinel] WARNING: Ransomware behavior detected! Triggering Emergency Rollback.
[2026-05-25 14:18:49] [Time-Weaver] ROLLBACK TRIGGERED. Purging corrupted data...
[2026-05-25 14:18:49] [Time-Weaver] Extracting /Users/saidumaregamberdiev/github/operating-system-project/aegis/backups/backup_20260525_141845.tar.gz...
[2026-05-25 14:18:49] [Time-Weaver] System rolled back to the latest safe state.
[2026-05-25 14:18:49] [Chaos-Monkey] Rapid File Modification: Modified /Users/saidumaregamberdiev/github/operating-system-project/aegis/data/file_8.txt
[2026-05-25 14:18:49] [Sentinel] WARNING: Ransomware behavior detected! Triggering Emergency Rollback.
[2026-05-25 14:18:49] [Time-Weaver] ROLLBACK TRIGGERED. Purging corrupted data...
[2026-05-25 14:18:49] [Time-Weaver] Extracting /Users/saidumaregamberdiev/github/operating-system-project/aegis/backups/backup_20260525_141845.tar.gz...
[2026-05-25 14:18:49] [Time-Weaver] System rolled back to the latest safe state.
[2026-05-25 14:18:49] [Chaos-Monkey] Rapid File Modification: Modified /Users/saidumaregamberdiev/github/operating-system-project/aegis/data/file_9.txt
[2026-05-25 14:18:49] [Sentinel] WARNING: Ransomware behavior detected! Triggering Emergency Rollback.
[2026-05-25 14:18:49] [Time-Weaver] ROLLBACK TRIGGERED. Purging corrupted data...
[2026-05-25 14:18:49] [Time-Weaver] Extracting /Users/saidumaregamberdiev/github/operating-system-project/aegis/backups/backup_20260525_141845.tar.gz...
[2026-05-25 14:18:49] [Time-Weaver] System rolled back to the latest safe state.
[2026-05-25 14:18:50] [Chaos-Monkey] Rapid File Modification: Modified /Users/saidumaregamberdiev/github/operating-system-project/aegis/data/file_10.txt
[2026-05-25 14:18:50] [Sentinel] WARNING: Ransomware behavior detected! Triggering Emergency Rollback.
[2026-05-25 14:18:50] [Time-Weaver] ROLLBACK TRIGGERED. Purging corrupted data...
[2026-05-25 14:18:50] [Time-Weaver] Extracting /Users/saidumaregamberdiev/github/operating-system-project/aegis/backups/backup_20260525_141845.tar.gz...
[2026-05-25 14:18:50] [Time-Weaver] System rolled back to the latest safe state.
[2026-05-25 14:18:50] [Chaos-Monkey] Ransomware simulation complete.
[2026-05-25 14:18:59] [Sentinel] Sentinel monitoring started...
[2026-05-25 14:18:59] [Sentinel] WARNING: Ransomware behavior detected! Triggering Emergency Rollback.
[2026-05-25 14:18:59] [Time-Weaver] ROLLBACK TRIGGERED. Purging corrupted data...
[2026-05-25 14:18:59] [Time-Weaver] Extracting /Users/saidumaregamberdiev/github/operating-system-project/aegis/backups/backup_20260525_141845.tar.gz...
[2026-05-25 14:18:59] [Time-Weaver] System rolled back to the latest safe state.
[2026-05-25 14:19:01] [Chaos-Monkey] Starting simulated SSH brute force attack...
[2026-05-25 14:19:01] [SYSTEM] Failed Password for root from 192.168.1.100 port 22
[2026-05-25 14:19:02] [SYSTEM] Failed Password for root from 192.168.1.100 port 22
[2026-05-25 14:19:02] [SYSTEM] Failed Password for root from 192.168.1.100 port 22
[2026-05-25 14:19:03] [SYSTEM] Failed Password for root from 192.168.1.100 port 22
[2026-05-25 14:19:03] [SYSTEM] Failed Password for root from 192.168.1.100 port 22
[2026-05-25 14:19:03] [Sentinel] CRITICAL: Brute force detected! Triggering Lockdown.
[2026-05-25 14:19:04] [SYSTEM] Failed Password for root from 192.168.1.100 port 22
[2026-05-25 14:19:04] [SYSTEM] Failed Password for root from 192.168.1.100 port 22
[2026-05-25 14:19:05] [SYSTEM] Failed Password for root from 192.168.1.100 port 22
[2026-05-25 14:19:05] [SYSTEM] Failed Password for root from 192.168.1.100 port 22
[2026-05-25 14:19:06] [SYSTEM] Failed Password for root from 192.168.1.100 port 22
[2026-05-25 14:19:06] [Sentinel] CRITICAL: Brute force detected! Triggering Lockdown.
[2026-05-25 14:19:06] [Chaos-Monkey] Brute force simulation complete.
